// Vitest Snapshot v1, https://vitest.dev/guide/snapshot.html

exports[`upscaler on every recorded moment > matches the recorded command sequence (regression) 1`] = `
{
  "attack-blocked": [
    "defineBase:",
    "defineBase:",
    "defineBase:",
    "defineBase:",
    "defineBase:",
    "defineBase:",
    "defineBase:",
    "defineBase:",
    "defineBase:",
    "defineBase:",
    "defineBase:",
    "defineBase:",
    "base:player_block",
    "revise:attack:2",
    "play:attack:2",
  ],
  "attack-countered": [
    "defineBase:",
    "defineBase:",
    "defineBase:",
    "defineBase:",
    "defineBase:",
    "defineBase:",
    "defineBase:",
    "defineBase:",
    "defineBase:",
    "defineBase:",
    "defineBase:",
    "defineBase:",
    "base:counter",
    "revise:attack:1",
    "play:attack:1",
  ],
  "attack-dodge-countered": [
    "defineBase:",
    "defineBase:",
    "defineBase:",
    "defineBase:",
    "defineBase:",
    "defineBase:",
    "defineBase:",
    "defineBase:",
    "defineBase:",
    "defineBase:",
    "defineBase:",
    "defineBase:",
    "base:counter",
    "revise:attack:1",
    "play:attack:6",
  ],
  "attack-evaded": [
    "defineBase:",
    "defineBase:",
    "defineBase:",
    "defineBase:",
    "defineBase:",
    "defineBase:",
    "defineBase:",
    "defineBase:",
    "defineBase:",
    "defineBase:",
    "defineBase:",
    "defineBase:",
    "revise:attack:5",
  ],
  "attack-hit": [
    "defineBase:",
    "defineBase:",
    "defineBase:",
    "defineBase:",
    "defineBase:",
    "defineBase:",
    "defineBase:",
    "defineBase:",
    "defineBase:",
    "defineBase:",
    "defineBase:",
    "defineBase:",
    "base:player_hit",
    "revise:attack:2",
    "play:attack:1",
  ],
  "attack-interrupted": [
    "defineBase:",
    "defineBase:",
    "defineBase:",
    "defineBase:",
    "defineBase:",
    "defineBase:",
    "defineBase:",
    "defineBase:",
    "defineBase:",
    "defineBase:",
    "defineBase:",
    "defineBase:",
    "hold:swipe",
    "play:swipe:1",
    "drive:swipe",
    "unhold:swipe",
    "base:enemy_hit",
    "revise:swipe:2",
    "release:attack",
  ],
  "attack-shield-breaks": [
    "defineBase:",
    "defineBase:",
    "defineBase:",
    "defineBase:",
    "defineBase:",
    "defineBase:",
    "defineBase:",
    "defineBase:",
    "defineBase:",
    "defineBase:",
    "defineBase:",
    "defineBase:",
    "play:gauge:shield:2",
    "base:player_block",
    "revise:attack:2",
    "play:attack:2",
    "play:attack:5",
    "base:player_guard_break",
    "revise:attack:5",
    "play:attack:2",
    "play:attack:1",
  ],
  "burst-cut-short": [
    "defineBase:",
    "defineBase:",
    "defineBase:",
    "defineBase:",
    "defineBase:",
    "defineBase:",
    "defineBase:",
    "defineBase:",
    "defineBase:",
    "defineBase:",
    "defineBase:",
    "defineBase:",
    "base:burst_start",
    "play:burst:1",
    "base:enemy_hit",
    "play:burst:2",
    "release:burst",
  ],
  "burst-full": [
    "defineBase:",
    "defineBase:",
    "defineBase:",
    "defineBase:",
    "defineBase:",
    "defineBase:",
    "defineBase:",
    "defineBase:",
    "defineBase:",
    "defineBase:",
    "defineBase:",
    "defineBase:",
    "play:gauge:burst:1",
    "base:burst_start",
    "play:burst:1",
    "base:enemy_hit",
    "play:burst:2",
    "base:enemy_hit",
    "play:burst:2",
    "base:enemy_hit",
    "play:burst:2",
    "base:enemy_hit",
    "play:burst:2",
    "base:enemy_hit",
    "revise:burst:2",
  ],
  "burst-kill": [
    "defineBase:",
    "defineBase:",
    "defineBase:",
    "defineBase:",
    "defineBase:",
    "defineBase:",
    "defineBase:",
    "defineBase:",
    "defineBase:",
    "defineBase:",
    "defineBase:",
    "defineBase:",
    "play:gauge:burst:1",
    "base:burst_start",
    "play:burst:1",
    "base:enemy_hit",
    "play:burst:2",
    "base:enemy_hit",
    "play:burst:2",
    "base:enemy_kill",
    "revise:burst:2",
    "play:burst:10",
    "play:burst:1",
  ],
  "enemy-guard-break": [
    "defineBase:",
    "defineBase:",
    "defineBase:",
    "defineBase:",
    "defineBase:",
    "defineBase:",
    "defineBase:",
    "defineBase:",
    "defineBase:",
    "defineBase:",
    "defineBase:",
    "defineBase:",
    "hold:swipe",
    "play:swipe:1",
    "drive:swipe",
    "unhold:swipe",
    "base:enemy_block",
    "revise:swipe:3",
    "base:enemy_guard_break",
    "revise:swipe:3",
    "play:event:2",
    "play:event:11",
    "play:event:1",
  ],
  "player-death": [
    "defineBase:",
    "defineBase:",
    "defineBase:",
    "defineBase:",
    "defineBase:",
    "defineBase:",
    "defineBase:",
    "defineBase:",
    "defineBase:",
    "defineBase:",
    "defineBase:",
    "defineBase:",
    "play:gauge:health:2",
    "base:player_hit",
    "revise:attack:2",
    "play:attack:1",
    "play:attack:7",
    "base:player_death",
    "revise:attack:6",
    "play:attack:2",
    "play:attack:1",
  ],
  "swipe-blocked": [
    "defineBase:",
    "defineBase:",
    "defineBase:",
    "defineBase:",
    "defineBase:",
    "defineBase:",
    "defineBase:",
    "defineBase:",
    "defineBase:",
    "defineBase:",
    "defineBase:",
    "defineBase:",
    "hold:swipe",
    "play:swipe:1",
    "drive:swipe",
    "unhold:swipe",
    "base:enemy_block",
    "revise:swipe:3",
  ],
  "swipe-boss-kill": [
    "defineBase:",
    "defineBase:",
    "defineBase:",
    "defineBase:",
    "defineBase:",
    "defineBase:",
    "defineBase:",
    "defineBase:",
    "defineBase:",
    "defineBase:",
    "defineBase:",
    "defineBase:",
    "hold:swipe",
    "play:swipe:1",
    "drive:swipe",
    "unhold:swipe",
    "base:enemy_hit",
    "revise:swipe:2",
    "base:boss_kill",
    "revise:swipe:2",
    "play:swipe:14",
    "play:swipe:1",
  ],
  "swipe-heavy-weak-point": [
    "defineBase:",
    "defineBase:",
    "defineBase:",
    "defineBase:",
    "defineBase:",
    "defineBase:",
    "defineBase:",
    "defineBase:",
    "defineBase:",
    "defineBase:",
    "defineBase:",
    "defineBase:",
    "hold:swipe",
    "play:swipe:1",
    "drive:swipe",
    "unhold:swipe",
    "base:enemy_hit",
    "revise:swipe:2",
  ],
  "swipe-held-back": [
    "defineBase:",
    "defineBase:",
    "defineBase:",
    "defineBase:",
    "defineBase:",
    "defineBase:",
    "defineBase:",
    "defineBase:",
    "defineBase:",
    "defineBase:",
    "defineBase:",
    "defineBase:",
    "hold:swipe",
    "play:swipe:1",
    "unhold:swipe",
    "release:swipe",
  ],
  "swipe-kill": [
    "defineBase:",
    "defineBase:",
    "defineBase:",
    "defineBase:",
    "defineBase:",
    "defineBase:",
    "defineBase:",
    "defineBase:",
    "defineBase:",
    "defineBase:",
    "defineBase:",
    "defineBase:",
    "hold:swipe",
    "play:swipe:1",
    "drive:swipe",
    "unhold:swipe",
    "base:enemy_hit",
    "revise:swipe:2",
    "base:enemy_kill",
    "revise:swipe:2",
    "play:swipe:10",
    "play:swipe:1",
  ],
  "swipe-landed": [
    "defineBase:",
    "defineBase:",
    "defineBase:",
    "defineBase:",
    "defineBase:",
    "defineBase:",
    "defineBase:",
    "defineBase:",
    "defineBase:",
    "defineBase:",
    "defineBase:",
    "defineBase:",
    "hold:swipe",
    "play:swipe:1",
    "drive:swipe",
    "unhold:swipe",
    "base:enemy_hit",
    "revise:swipe:2",
  ],
  "swipe-missed": [
    "defineBase:",
    "defineBase:",
    "defineBase:",
    "defineBase:",
    "defineBase:",
    "defineBase:",
    "defineBase:",
    "defineBase:",
    "defineBase:",
    "defineBase:",
    "defineBase:",
    "defineBase:",
  ],
  "swipe-parried": [
    "defineBase:",
    "defineBase:",
    "defineBase:",
    "defineBase:",
    "defineBase:",
    "defineBase:",
    "defineBase:",
    "defineBase:",
    "defineBase:",
    "defineBase:",
    "defineBase:",
    "defineBase:",
    "hold:swipe",
    "play:swipe:1",
    "drive:swipe",
    "unhold:swipe",
    "base:parried",
    "revise:swipe:1",
    "play:swipe:1",
    "base:player_hit",
    "revise:attack:2",
    "play:attack:1",
  ],
}
`;
